ok  	budget2/cmd/enrich-amazon	(cached)
ok  	budget2/cmd/server	5.012s
ok  	budget2/cmd/validate	(cached)
ok  	budget2/internal/config	(cached)
ok  	budget2/internal/handlers/accounts	1.117s
ok  	budget2/internal/handlers/approval	(cached)
ok  	budget2/internal/handlers/backup	29.462s
ok  	budget2/internal/handlers/dashboard	1.226s
ok  	budget2/internal/handlers/duplicates	(cached)
ok  	budget2/internal/handlers/explorer	0.741s
ok  	budget2/internal/handlers/insights	0.544s
ok  	budget2/internal/handlers/majorexpenses	0.494s
ok  	budget2/internal/handlers/transfers	0.312s
ok  	budget2/internal/handlers/whatif	12.749s
ok  	budget2/internal/http	(cached)
ok  	budget2/internal/models	(cached)
ok  	budget2/internal/services/accounts	(cached)
ok  	budget2/internal/services/amazon	(cached)
ok  	budget2/internal/services/anomalies	(cached)
ok  	budget2/internal/services/backup	(cached)
ok  	budget2/internal/services/classifier	(cached)
ok  	budget2/internal/services/dataloader	(cached)
ok  	budget2/internal/services/insights	(cached)
ok  	budget2/internal/services/majorexpenses	(cached)
ok  	budget2/internal/services/mcpsvc	(cached)
ok  	budget2/internal/services/mcpsvc/admin	(cached)
ok  	budget2/internal/services/mcpsvc/confirm	(cached)
ok  	budget2/internal/services/mcpsvc/curate	(cached)
ok  	budget2/internal/services/mcpsvc/ledger	0.447s
ok  	budget2/internal/services/mcpsvc/plan	(cached)
ok  	budget2/internal/services/mcpsvc/snapshot	(cached)
ok  	budget2/internal/services/mcpsvc/spend	(cached)
ok  	budget2/internal/services/merchants	(cached)
ok  	budget2/internal/services/metrics	(cached)
ok  	budget2/internal/services/pricecreep	(cached)
ok  	budget2/internal/services/restore	(cached)
ok  	budget2/internal/services/retirement	(cached)
ok  	budget2/internal/services/retirement/analysis	(cached)
ok  	budget2/internal/services/retirement/completeness	(cached)
ok  	budget2/internal/services/retirement/engine	(cached)
ok  	budget2/internal/services/retirement/history	(cached)
ok  	budget2/internal/services/retirement/overrides	(cached)
ok  	budget2/internal/services/retirement/prepare	(cached)
ok  	budget2/internal/services/storage	(cached)
ok  	budget2/internal/services/transfers	(cached)
ok  	budget2/internal/services/uirefresh	(cached)
ok  	budget2/internal/templates	1.362s
ok  	budget2/internal/testutil	(cached)
ok  	budget2/internal/version	(cached)
ok  	budget2/web	0.006s
