{"dark":false,"width":390,"checks":42,"failures":4}
{"dark":false,"width":768,"checks":42,"failures":4}
{"dark":false,"width":1440,"checks":42,"failures":4}
{"dark":true,"width":390,"checks":42,"failures":4}
{"dark":true,"width":768,"checks":42,"failures":4}
{"dark":true,"width":1440,"checks":42,"failures":4}
AssertionError [ERR_ASSERTION]: DI5.3 focus ownership failures
+ actual - expected

+ [
+   {
+     dark: false,
+     id: '',
+     main: false,
+     name: 'dismiss owned focus Refresh page replaced=true',
+     ok: false,
+     original: false,
+     region: false,
+     same: false,
+     status: false,
+     tabindex: null,
+     tag: 'BODY',
+     value: 'unsaved',
+     width: 390
+   },
+   {
+     dark: false,
+     id: '',
+     main: false,
+     name: 'dismiss owned focus Keep editing replaced=true',
+     ok: false,
+     original: false,
+     region: false,
+     same: false,
+     status: false,
+     tabindex: null,
+     tag: 'BODY',
+     value: 'unsaved',
+     width: 390
+   },
+   {
+     dark: false,
+     id: '',
+     main: false,
+     name: 'epoch owned focus Refresh page replaced=true',
+     ok: false,
+     original: false,
+     region: false,
+     same: false,
+     status: false,
+     tabindex: null,
+     tag: 'BODY',
+     value: 'unsaved',
+     width: 390
+   },
+   {
+     dark: false,
+     id: '',
+     main: false,
+     name: 'epoch owned focus Keep editing replaced=true',
+     ok: false,
+     original: false,
+     region: false,
+     same: false,
+     status: false,
+     tabindex: null,
+     tag: 'BODY',
+     value: 'unsaved',
+     width: 390
+   },
+   {
+     dark: false,
+     id: '',
+     main: false,
+     name: 'dismiss owned focus Refresh page replaced=true',
+     ok: false,
+     original: false,
+     region: false,
+     same: false,
+     status: false,
+     tabindex: null,
+     tag: 'BODY',
+     value: 'unsaved',
+     width: 768
+   },
+   {
+     dark: false,
+     id: '',
+     main: false,
+     name: 'dismiss owned focus Keep editing replaced=true',
+     ok: false,
+     original: false,
+     region: false,
+     same: false,
+     status: false,
+     tabindex: null,
+     tag: 'BODY',
+     value: 'unsaved',
+     width: 768
+   },
+   {
+     dark: false,
+     id: '',
+     main: false,
+     name: 'epoch owned focus Refresh page replaced=true',
+     ok: false,
+     original: false,
+     region: false,
+     same: false,
+     status: false,
+     tabindex: null,
+     tag: 'BODY',
+     value: 'unsaved',
+     width: 768
+   },
+   {
+     dark: false,
+     id: '',
+     main: false,
+     name: 'epoch owned focus Keep editing replaced=true',
+     ok: false,
+     original: false,
+     region: false,
+     same: false,
+     status: false,
+     tabindex: null,
+     tag: 'BODY',
+     value: 'unsaved',
+     width: 768
+   },
+   {
+     dark: false,
+     id: '',
+     main: false,
+     name: 'dismiss owned focus Refresh page replaced=true',
+     ok: false,
+     original: false,
+     region: false,
+     same: false,
+     status: false,
+     tabindex: null,
+     tag: 'BODY',
+     value: 'unsaved',
+     width: 1440
+   },
+   {
+     dark: false,
+     id: '',
+     main: false,
+     name: 'dismiss owned focus Keep editing replaced=true',
+     ok: false,
+     original: false,
+     region: false,
+     same: false,
+     status: false,
+     tabindex: null,
+     tag: 'BODY',
+     value: 'unsaved',
+     width: 1440
+   },
+   {
+     dark: false,
+     id: '',
+     main: false,
+     name: 'epoch owned focus Refresh page replaced=true',
+     ok: false,
+     original: false,
+     region: false,
+     same: false,
+     status: false,
+     tabindex: null,
+     tag: 'BODY',
+     value: 'unsaved',
+     width: 1440
+   },
+   {
+     dark: false,
+     id: '',
+     main: false,
+     name: 'epoch owned focus Keep editing replaced=true',
+     ok: false,
+     original: false,
+     region: false,
+     same: false,
+     status: false,
+     tabindex: null,
+     tag: 'BODY',
+     value: 'unsaved',
+     width: 1440
+   },
+   {
+     dark: true,
+     id: '',
+     main: false,
+     name: 'dismiss owned focus Refresh page replaced=true',
+     ok: false,
+     original: false,
+     region: false,
+     same: false,
+     status: false,
+     tabindex: null,
+     tag: 'BODY',
+     value: 'unsaved',
+     width: 390
+   },
+   {
+     dark: true,
+     id: '',
+     main: false,
+     name: 'dismiss owned focus Keep editing replaced=true',
+     ok: false,
+     original: false,
+     region: false,
+     same: false,
+     status: false,
+     tabindex: null,
+     tag: 'BODY',
+     value: 'unsaved',
+     width: 390
+   },
+   {
+     dark: true,
+     id: '',
+     main: false,
+     name: 'epoch owned focus Refresh page replaced=true',
+     ok: false,
+     original: false,
+     region: false,
+     same: false,
+     status: false,
+     tabindex: null,
+     tag: 'BODY',
+     value: 'unsaved',
+     width: 390
+   },
+   {
+     dark: true,
+     id: '',
+     main: false,
+     name: 'epoch owned focus Keep editing replaced=true',
+     ok: false,
+     original: false,
+     region: false,
+     same: false,
+     status: false,
+     tabindex: null,
+     tag: 'BODY',
+     value: 'unsaved',
+     width: 390
+   },
+   {
+     dark: true,
+     id: '',
+     main: false,
+     name: 'dismiss owned focus Refresh page replaced=true',
+     ok: false,
+     original: false,
+     region: false,
+     same: false,
+     status: false,
+     tabindex: null,
+     tag: 'BODY',
+     value: 'unsaved',
+     width: 768
+   },
+   {
+     dark: true,
+     id: '',
+     main: false,
+     name: 'dismiss owned focus Keep editing replaced=true',
+     ok: false,
+     original: false,
+     region: false,
+     same: false,
+     status: false,
+     tabindex: null,
+     tag: 'BODY',
+     value: 'unsaved',
+     width: 768
+   },
+   {
+     dark: true,
+     id: '',
+     main: false,
+     name: 'epoch owned focus Refresh page replaced=true',
+     ok: false,
+     original: false,
+     region: false,
+     same: false,
+     status: false,
+     tabindex: null,
+     tag: 'BODY',
+     value: 'unsaved',
+     width: 768
+   },
+   {
+     dark: true,
+     id: '',
+     main: false,
+     name: 'epoch owned focus Keep editing replaced=true',
+     ok: false,
+     original: false,
+     region: false,
+     same: false,
+     status: false,
+     tabindex: null,
+     tag: 'BODY',
+     value: 'unsaved',
+     width: 768
+   },
+   {
+     dark: true,
+     id: '',
+     main: false,
+     name: 'dismiss owned focus Refresh page replaced=true',
+     ok: false,
+     original: false,
+     region: false,
+     same: false,
+     status: false,
+     tabindex: null,
+     tag: 'BODY',
+     value: 'unsaved',
+     width: 1440
+   },
+   {
+     dark: true,
+     id: '',
+     main: false,
+     name: 'dismiss owned focus Keep editing replaced=true',
+     ok: false,
+     original: false,
+     region: false,
+     same: false,
+     status: false,
+     tabindex: null,
+     tag: 'BODY',
+     value: 'unsaved',
+     width: 1440
+   },
+   {
+     dark: true,
+     id: '',
+     main: false,
+     name: 'epoch owned focus Refresh page replaced=true',
+     ok: false,
+     original: false,
+     region: false,
+     same: false,
+     status: false,
+     tabindex: null,
+     tag: 'BODY',
+     value: 'unsaved',
+     width: 1440
+   },
+   {
+     dark: true,
+     id: '',
+     main: false,
+     name: 'epoch owned focus Keep editing replaced=true',
+     ok: false,
+     original: false,
+     region: false,
+     same: false,
+     status: false,
+     tabindex: null,
+     tag: 'BODY',
+     value: 'unsaved',
+     width: 1440
+   }
+ ]
- []

    at /tmp/DI5-fourth-worker.1ptHqE/.swarm/DI-run/reports/DI5-focus-ownership.cjs:98:9 {
  generatedMessage: false,
  code: 'ERR_ASSERTION',
  actual: [Array],
  expected: [],
  operator: 'deepStrictEqual',
  diff: 'simple'
}
