✔ clean tab establishes baseline, reloads once, keeps query/hash; new tab does not loop (8.200638ms)
✔ hidden signals coalesce until visibility returns (0.958984ms)
✔ dirty edits require explicit confirmation, refusal preserves edits without dialog spam (1.806598ms)
✔ clean HTMX requests and native submissions defer, including overlapping requests (1.452783ms)
✔ failure and restart rebaseline safely; focus and interval do not overlap (0.889704ms)
✔ dismissal removes visible and announced notice until a new signal (0.908409ms)
✔ new epoch clears a pending dirty notice and rebaselines below the old revision (0.817688ms)
✖ notice precedes main content without stealing focus; displaced input is kept visible (1.506655ms)
✖ HTMX replacement restores the same pending region/status once; partial swaps do not reannounce (1.494462ms)
✖ no-main fallback precedes body content and does not scroll an already visible control (1.090421ms)
ℹ tests 10
ℹ suites 0
ℹ pass 7
ℹ fail 3
ℹ cancelled 0
ℹ skipped 0
ℹ todo 0
ℹ duration_ms 56.931175

✖ failing tests:

test at web/static/js/page-refresh.test.cjs:84:1
✖ notice precedes main content without stealing focus; displaced input is kept visible (1.506655ms)
  AssertionError [ERR_ASSERTION]: Expected values to be strictly equal:
  
  'h1' !== 'section'
  
      at TestContext.<anonymous> (/home/darrell/bin/ai/budget2/.worktrees/dashboard-insights/web/static/js/page-refresh.test.cjs:88:9)
      at async Test.run (node:internal/test_runner/test:1113:7)
      at async Test.processPendingSubtests (node:internal/test_runner/test:788:7) {
    generatedMessage: true,
    code: 'ERR_ASSERTION',
    actual: 'h1',
    expected: 'section',
    operator: 'strictEqual',
    diff: 'simple'
  }

test at web/static/js/page-refresh.test.cjs:92:1
✖ HTMX replacement restores the same pending region/status once; partial swaps do not reannounce (1.494462ms)
  AssertionError [ERR_ASSERTION]: pending region belongs in main
  
  'h1' !== 'section'
  
      at TestContext.<anonymous> (/home/darrell/bin/ai/budget2/.worktrees/dashboard-insights/web/static/js/page-refresh.test.cjs:94:41)
      at async Test.run (node:internal/test_runner/test:1113:7)
      at async Test.processPendingSubtests (node:internal/test_runner/test:788:7) {
    generatedMessage: false,
    code: 'ERR_ASSERTION',
    actual: 'h1',
    expected: 'section',
    operator: 'strictEqual',
    diff: 'simple'
  }

test at web/static/js/page-refresh.test.cjs:102:1
✖ no-main fallback precedes body content and does not scroll an already visible control (1.090421ms)
  AssertionError [ERR_ASSERTION]: Expected values to be strictly equal:
  
  'h1' !== 'section'
  
      at TestContext.<anonymous> (/home/darrell/bin/ai/budget2/.worktrees/dashboard-insights/web/static/js/page-refresh.test.cjs:106:9)
      at async Test.run (node:internal/test_runner/test:1113:7)
      at async Test.processPendingSubtests (node:internal/test_runner/test:788:7) {
    generatedMessage: true,
    code: 'ERR_ASSERTION',
    actual: 'h1',
    expected: 'section',
    operator: 'strictEqual',
    diff: 'simple'
  }
